[2026-04-30T05:52:18.536Z] Visual Marker Processor - Started: 2026-04-30T05:52:18.536Z
[2026-04-30T05:52:18.537Z] 
============================================================
[2026-04-30T05:52:18.537Z] Processing DR (Daily Routine)
[2026-04-30T05:52:18.537Z] ============================================================
[2026-04-30T05:52:18.539Z] Total markers: 104
[2026-04-30T05:52:18.539Z] Pending: 104 (already done: 0)
[2026-04-30T05:52:18.540Z]   Video H3DQ557G0-s: 56 markers
[2026-04-30T05:52:21.633Z]   Stream URL OK
[2026-04-30T05:52:36.811Z]   5/104 done
[2026-04-30T05:52:51.153Z]   10/104 done
[2026-04-30T05:53:07.267Z]   15/104 done
[2026-04-30T05:53:25.754Z]   20/104 done
[2026-04-30T05:53:40.800Z]   25/104 done
[2026-04-30T05:53:56.195Z]   30/104 done
[2026-04-30T05:54:09.358Z]   35/104 done
[2026-04-30T05:54:20.088Z]   40/104 done
[2026-04-30T05:54:34.194Z]   45/104 done
[2026-04-30T05:54:46.531Z]   50/104 done
[2026-04-30T05:55:00.540Z]   55/104 done
[2026-04-30T05:55:11.787Z]   56/104 done
[2026-04-30T05:55:11.788Z]   Video EEjTQcSekwA: 2 markers
[2026-04-30T05:55:14.532Z]   Stream URL OK
[2026-04-30T05:55:14.933Z]   58/104 done
[2026-04-30T05:55:14.934Z]   Video W7eXprf_XII: 18 markers
[2026-04-30T05:55:17.712Z]   Stream URL OK
[2026-04-30T05:55:34.732Z]   63/104 done
[2026-04-30T05:55:53.226Z]   68/104 done
[2026-04-30T05:56:09.385Z]   73/104 done
[2026-04-30T05:56:22.319Z]   76/104 done
[2026-04-30T05:56:22.321Z]   Video kcLgkznqwFc: 16 markers
[2026-04-30T05:56:26.742Z]   Stream URL OK
[2026-04-30T05:56:41.342Z]   81/104 done
[2026-04-30T05:56:55.654Z]   86/104 done
[2026-04-30T05:57:11.358Z]   91/104 done
[2026-04-30T05:57:12.957Z]   92/104 done
[2026-04-30T05:57:12.958Z]   Video KcAIfs63mQo: 12 markers
[2026-04-30T05:57:15.891Z]   Stream URL OK
[2026-04-30T05:57:32.173Z]   97/104 done
[2026-04-30T05:57:46.674Z]   102/104 done
[2026-04-30T05:58:02.845Z]   104/104 done
[2026-04-30T05:58:02.849Z] 
  DR (Daily Routine) COMPLETE: critical=98 skipped=0 errors=6 total=104
[2026-04-30T05:58:02.851Z]   Output: /Users/i548399/SAPDevelop/github.com/nse-trading-system/visuals/dr-results.json
[2026-04-30T05:58:02.851Z] 
ALL DONE: critical=98 skipped=0 errors=6 total=104
[2026-04-30T05:58:02.851Z] Finished: 2026-04-30T05:58:02.851Z
