[2026-04-30T05:58:16.238Z] Visual Marker Processor - Started: 2026-04-30T05:58:16.238Z
[2026-04-30T05:58:16.239Z] 
============================================================
[2026-04-30T05:58:16.239Z] Processing AT (Active Trading)
[2026-04-30T05:58:16.239Z] ============================================================
[2026-04-30T05:58:16.240Z] Total markers: 82
[2026-04-30T05:58:16.241Z] Pending: 82 (already done: 0)
[2026-04-30T05:58:16.241Z]   Video OGG05N2K-os: 37 markers
[2026-04-30T05:58:19.075Z]   Stream URL OK
[2026-04-30T05:58:32.094Z]   5/82 done
[2026-04-30T05:58:48.767Z]   10/82 done
[2026-04-30T05:59:03.580Z]   15/82 done
[2026-04-30T05:59:24.170Z]   20/82 done
[2026-04-30T05:59:42.306Z]   25/82 done
[2026-04-30T05:59:59.014Z]   30/82 done
[2026-04-30T06:00:18.425Z]   35/82 done
[2026-04-30T06:00:36.320Z]   37/82 done
[2026-04-30T06:00:36.321Z]   Video uP-MO7aow1Q: 45 markers
[2026-04-30T06:00:39.068Z]   Stream URL OK
[2026-04-30T06:01:02.467Z]   42/82 done
[2026-04-30T06:01:27.429Z]   47/82 done
[2026-04-30T06:01:43.387Z]   52/82 done
[2026-04-30T06:01:58.923Z]   57/82 done
[2026-04-30T06:02:19.748Z]   62/82 done
[2026-04-30T06:02:39.501Z]   67/82 done
[2026-04-30T06:02:57.335Z]   72/82 done
[2026-04-30T06:03:12.335Z]   77/82 done
[2026-04-30T06:03:13.805Z]   82/82 done
[2026-04-30T06:03:13.806Z] 
  AT (Active Trading) COMPLETE: critical=74 skipped=0 errors=8 total=82
[2026-04-30T06:03:13.806Z]   Output: /Users/i548399/SAPDevelop/github.com/nse-trading-system/visuals/at-results.json
[2026-04-30T06:03:13.807Z] 
ALL DONE: critical=74 skipped=0 errors=8 total=82
[2026-04-30T06:03:13.807Z] Finished: 2026-04-30T06:03:13.807Z
